2026-05-11 01:11:54,964 [INFO] Loading C:\Users\pranj\Downloads\files\solar_roi_v2\data\processed\weather_and_simulated_hourly_power.csv
2026-05-11 01:11:56,418 [INFO] Target column: ac_power_shaded_W
2026-05-11 01:11:56,449 [INFO] Features (9): ['ALLSKY_SFC_SW_DWN', 'ALLSKY_SFC_SW_DNI', 'ALLSKY_SFC_SW_DIFF', 'T2M', 'WS10M', 'hour_sin', 'hour_cos', 'month_sin', 'month_cos']
2026-05-11 01:11:56,471 [INFO] Dataset: 87,651 rows
2026-05-11 01:11:56,498 [INFO] Scalers saved.
2026-05-11 01:11:56,736 [INFO] Device: cpu
2026-05-11 01:11:59,691 [INFO] Model params: 211,585
2026-05-11 01:12:12,315 [INFO] Epoch   1/60 | train=0.00206 val=0.00073
2026-05-11 01:13:03,794 [INFO] Epoch   5/60 | train=0.00038 val=0.00033
2026-05-11 01:14:06,120 [INFO] Epoch  10/60 | train=0.00034 val=0.00031
2026-05-11 01:15:07,406 [INFO] Epoch  15/60 | train=0.00032 val=0.00032
2026-05-11 01:16:08,810 [INFO] Epoch  20/60 | train=0.00031 val=0.00029
2026-05-11 01:17:10,436 [INFO] Epoch  25/60 | train=0.00029 val=0.00027
2026-05-11 01:18:48,854 [INFO] Epoch  30/60 | train=0.00029 val=0.00028
2026-05-11 01:20:20,763 [INFO] Epoch  35/60 | train=0.00027 val=0.00028
2026-05-11 01:21:59,004 [INFO] Epoch  40/60 | train=0.00027 val=0.00026
2026-05-11 01:23:38,193 [INFO] Epoch  45/60 | train=0.00026 val=0.00026
2026-05-11 01:24:38,415 [INFO] Epoch  50/60 | train=0.00027 val=0.00026
2026-05-11 01:25:38,767 [INFO] Epoch  55/60 | train=0.00026 val=0.00026
2026-05-11 01:26:39,062 [INFO] Epoch  60/60 | train=0.00026 val=0.00026
2026-05-11 01:26:40,178 [INFO] Test  R²=0.9895  RMSE=145.0W  MAE=61.5W
